---
http_interactions:
- request:
    method: post
    uri: https://api.github.com/repos/monalisa/octo-awesome/issues/1/comments
    body:
      encoding: UTF-8
      string: '{"body":"This comment will be deleted"}'
    headers:
      Accept:
      - application/vnd.github.v3+json
      User-Agent:
      - Octokit Ruby Gem 9.2.0
      Content-Type:
      - application/json
      Authorization:
      - token <GITHUB_TOKEN>
      Accept-Encoding:
      - gzip;q=1.0,deflate;q=0.6,identity;q=0.3
  response:
    status:
      code: 201
      message: Created
    headers:
      Date:
      - Mon, 04 Nov 2024 06:48:33 GMT
      Content-Type:
      - application/json; charset=utf-8
      Content-Length:
      - '1666'
      Cache-Control:
      - private, max-age=60, s-maxage=60
      Vary:
      - Accept, Authorization, Cookie, X-GitHub-OTP,Accept-Encoding, Accept, X-Requested-With
      Etag:
      - '"2f2bff00ca0e54aaa2cee53cca8f673625b0f6ea303f189969f3243a72277945"'
      X-Oauth-Scopes:
      - repo
      X-Accepted-Oauth-Scopes:
      - ''
      Github-Authentication-Token-Expiration:
      - 2024-11-11 06:22:05 UTC
      Location:
      - https://api.github.com/repos/monalisa/octo-awesome/issues/comments/2453931129
      X-Github-Media-Type:
      - github.v3; format=json
      X-Github-Api-Version-Selected:
      - '2022-11-28'
      X-Ratelimit-Limit:
      - '5000'
      X-Ratelimit-Remaining:
      - '4693'
      X-Ratelimit-Reset:
      - '1730703213'
      X-Ratelimit-Used:
      - '307'
      X-Ratelimit-Resource:
      - core
      Access-Control-Expose-Headers:
      - ETag, Link, Location, Retry-After, X-GitHub-OTP, X-RateLimit-Limit, X-RateLimit-Remaining,
        X-RateLimit-Used, X-RateLimit-Resource, X-RateLimit-Reset, X-OAuth-Scopes,
        X-Accepted-OAuth-Scopes, X-Poll-Interval, X-GitHub-Media-Type, X-GitHub-SSO,
        X-GitHub-Request-Id, Deprecation, Sunset
      Access-Control-Allow-Origin:
      - "*"
      Strict-Transport-Security:
      - max-age=31536000; includeSubdomains; preload
      X-Frame-Options:
      - deny
      X-Content-Type-Options:
      - nosniff
      X-Xss-Protection:
      - '0'
      Referrer-Policy:
      - origin-when-cross-origin, strict-origin-when-cross-origin
      Content-Security-Policy:
      - default-src 'none'
      Server:
      - github.com
      X-Github-Request-Id:
      - E027:3C0C95:154771D:1577801:67286E40
    body:
      encoding: UTF-8
      string: '{"url":"https://api.github.com/repos/monalisa/octo-awesome/issues/comments/2453931129","html_url":"https://github.com/monalisa/octo-awesome/issues/1#issuecomment-2453931129","issue_url":"https://api.github.com/repos/monalisa/octo-awesome/issues/1","id":2453931129,"node_id":"IC_kwDONKEJ686SRAR5","user":{"login":"monalisa","id":23362539,"node_id":"MDQ6VXNlcjIzMzYyNTM5","avatar_url":"https://avatars.githubusercontent.com/u/23362539?u=18b9b6f7ee2de076c1c0074edf2ea641143c329f&v=4","gravatar_id":"","url":"https://api.github.com/users/monalisa","html_url":"https://github.com/monalisa","followers_url":"https://api.github.com/users/monalisa/followers","following_url":"https://api.github.com/users/monalisa/following{/other_user}","gists_url":"https://api.github.com/users/monalisa/gists{/gist_id}","starred_url":"https://api.github.com/users/monalisa/starred{/owner}{/repo}","subscriptions_url":"https://api.github.com/users/monalisa/subscriptions","organizations_url":"https://api.github.com/users/monalisa/orgs","repos_url":"https://api.github.com/users/monalisa/repos","events_url":"https://api.github.com/users/monalisa/events{/privacy}","received_events_url":"https://api.github.com/users/monalisa/received_events","type":"User","user_view_type":"public","site_admin":true},"created_at":"2024-11-04T06:48:33Z","updated_at":"2024-11-04T06:48:33Z","author_association":"OWNER","body":"This
        comment will be deleted","reactions":{"url":"https://api.github.com/repos/monalisa/octo-awesome/issues/comments/2453931129/reactions","total_count":0,"+1":0,"-1":0,"laugh":0,"hooray":0,"confused":0,"heart":0,"rocket":0,"eyes":0},"performed_via_github_app":null}'
  recorded_at: Mon, 04 Nov 2024 06:48:33 GMT
- request:
    method: delete
    uri: https://api.github.com/repos/monalisa/octo-awesome/issues/comments/2453931129
    body:
      encoding: UTF-8
      string: "{}"
    headers:
      Accept:
      - application/vnd.github.v3+json
      User-Agent:
      - Octokit Ruby Gem 9.2.0
      Content-Type:
      - application/json
      Authorization:
      - token <GITHUB_TOKEN>
      Accept-Encoding:
      - gzip;q=1.0,deflate;q=0.6,identity;q=0.3
  response:
    status:
      code: 204
      message: No Content
    headers:
      Date:
      - Mon, 04 Nov 2024 06:48:33 GMT
      X-Oauth-Scopes:
      - repo
      X-Accepted-Oauth-Scopes:
      - ''
      Github-Authentication-Token-Expiration:
      - 2024-11-11 06:22:05 UTC
      X-Github-Media-Type:
      - github.v3; format=json
      X-Github-Api-Version-Selected:
      - '2022-11-28'
      X-Ratelimit-Limit:
      - '5000'
      X-Ratelimit-Remaining:
      - '4692'
      X-Ratelimit-Reset:
      - '1730703213'
      X-Ratelimit-Used:
      - '308'
      X-Ratelimit-Resource:
      - core
      Access-Control-Expose-Headers:
      - ETag, Link, Location, Retry-After, X-GitHub-OTP, X-RateLimit-Limit, X-RateLimit-Remaining,
        X-RateLimit-Used, X-RateLimit-Resource, X-RateLimit-Reset, X-OAuth-Scopes,
        X-Accepted-OAuth-Scopes, X-Poll-Interval, X-GitHub-Media-Type, X-GitHub-SSO,
        X-GitHub-Request-Id, Deprecation, Sunset
      Access-Control-Allow-Origin:
      - "*"
      Strict-Transport-Security:
      - max-age=31536000; includeSubdomains; preload
      X-Frame-Options:
      - deny
      X-Content-Type-Options:
      - nosniff
      X-Xss-Protection:
      - '0'
      Referrer-Policy:
      - origin-when-cross-origin, strict-origin-when-cross-origin
      Content-Security-Policy:
      - default-src 'none'
      Vary:
      - Accept-Encoding, Accept, X-Requested-With
      Server:
      - github.com
      X-Github-Request-Id:
      - E028:E6E1:15F76009:1624CCBE:67286E41
    body:
      encoding: UTF-8
      string: ''
  recorded_at: Mon, 04 Nov 2024 06:48:33 GMT
- request:
    method: get
    uri: https://api.github.com/repos/monalisa/octo-awesome/issues/1/comments?per_page=100
    body:
      encoding: US-ASCII
      string: ''
    headers:
      Accept:
      - application/vnd.github.v3+json
      User-Agent:
      - Octokit Ruby Gem 9.2.0
      Content-Type:
      - application/json
      Authorization:
      - token <GITHUB_TOKEN>
      Accept-Encoding:
      - gzip;q=1.0,deflate;q=0.6,identity;q=0.3
  response:
    status:
      code: 200
      message: OK
    headers:
      Date:
      - Mon, 04 Nov 2024 06:48:34 GMT
      Content-Type:
      - application/json; charset=utf-8
      Cache-Control:
      - private, max-age=60, s-maxage=60
      Vary:
      - Accept, Authorization, Cookie, X-GitHub-OTP,Accept-Encoding, Accept, X-Requested-With
      Etag:
      - W/"2ead1fbcc6984ee703ab300612b7db83c571d87928b3ff8e0338e97f757d382e"
      X-Oauth-Scopes:
      - repo
      X-Accepted-Oauth-Scopes:
      - ''
      Github-Authentication-Token-Expiration:
      - 2024-11-11 06:22:05 UTC
      X-Github-Media-Type:
      - github.v3; format=json
      X-Github-Api-Version-Selected:
      - '2022-11-28'
      X-Ratelimit-Limit:
      - '5000'
      X-Ratelimit-Remaining:
      - '4691'
      X-Ratelimit-Reset:
      - '1730703213'
      X-Ratelimit-Used:
      - '309'
      X-Ratelimit-Resource:
      - core
      Access-Control-Expose-Headers:
      - ETag, Link, Location, Retry-After, X-GitHub-OTP, X-RateLimit-Limit, X-RateLimit-Remaining,
        X-RateLimit-Used, X-RateLimit-Resource, X-RateLimit-Reset, X-OAuth-Scopes,
        X-Accepted-OAuth-Scopes, X-Poll-Interval, X-GitHub-Media-Type, X-GitHub-SSO,
        X-GitHub-Request-Id, Deprecation, Sunset
      Access-Control-Allow-Origin:
      - "*"
      Strict-Transport-Security:
      - max-age=31536000; includeSubdomains; preload
      X-Frame-Options:
      - deny
      X-Content-Type-Options:
      - nosniff
      X-Xss-Protection:
      - '0'
      Referrer-Policy:
      - origin-when-cross-origin, strict-origin-when-cross-origin
      Content-Security-Policy:
      - default-src 'none'
      Transfer-Encoding:
      - chunked
      Server:
      - github.com
      X-Github-Request-Id:
      - E029:34B09:1D465ACE:1D80F15A:67286E42
    body:
      encoding: ASCII-8BIT
      string: '[{"url":"https://api.github.com/repos/monalisa/octo-awesome/issues/comments/2453907304","html_url":"https://github.com/monalisa/octo-awesome/issues/1#issuecomment-2453907304","issue_url":"https://api.github.com/repos/monalisa/octo-awesome/issues/1","id":2453907304,"node_id":"IC_kwDONKEJ686SQ6do","user":{"login":"monalisa","id":23362539,"node_id":"MDQ6VXNlcjIzMzYyNTM5","avatar_url":"https://avatars.githubusercontent.com/u/23362539?v=4","gravatar_id":"","url":"https://api.github.com/users/monalisa","html_url":"https://github.com/monalisa","followers_url":"https://api.github.com/users/monalisa/followers","following_url":"https://api.github.com/users/monalisa/following{/other_user}","gists_url":"https://api.github.com/users/monalisa/gists{/gist_id}","starred_url":"https://api.github.com/users/monalisa/starred{/owner}{/repo}","subscriptions_url":"https://api.github.com/users/monalisa/subscriptions","organizations_url":"https://api.github.com/users/monalisa/orgs","repos_url":"https://api.github.com/users/monalisa/repos","events_url":"https://api.github.com/users/monalisa/events{/privacy}","received_events_url":"https://api.github.com/users/monalisa/received_events","type":"User","user_view_type":"public","site_admin":true},"created_at":"2024-11-04T06:25:48Z","updated_at":"2024-11-04T06:25:48Z","author_association":"OWNER","body":"Reopening
        this issue","reactions":{"url":"https://api.github.com/repos/monalisa/octo-awesome/issues/comments/2453907304/reactions","total_count":0,"+1":0,"-1":0,"laugh":0,"hooray":0,"confused":0,"heart":0,"rocket":0,"eyes":0},"performed_via_github_app":null},{"url":"https://api.github.com/repos/monalisa/octo-awesome/issues/comments/2453907310","html_url":"https://github.com/monalisa/octo-awesome/issues/1#issuecomment-2453907310","issue_url":"https://api.github.com/repos/monalisa/octo-awesome/issues/1","id":2453907310,"node_id":"IC_kwDONKEJ686SQ6du","user":{"login":"monalisa","id":23362539,"node_id":"MDQ6VXNlcjIzMzYyNTM5","avatar_url":"https://avatars.githubusercontent.com/u/23362539?v=4","gravatar_id":"","url":"https://api.github.com/users/monalisa","html_url":"https://github.com/monalisa","followers_url":"https://api.github.com/users/monalisa/followers","following_url":"https://api.github.com/users/monalisa/following{/other_user}","gists_url":"https://api.github.com/users/monalisa/gists{/gist_id}","starred_url":"https://api.github.com/users/monalisa/starred{/owner}{/repo}","subscriptions_url":"https://api.github.com/users/monalisa/subscriptions","organizations_url":"https://api.github.com/users/monalisa/orgs","repos_url":"https://api.github.com/users/monalisa/repos","events_url":"https://api.github.com/users/monalisa/events{/privacy}","received_events_url":"https://api.github.com/users/monalisa/received_events","type":"User","user_view_type":"public","site_admin":true},"created_at":"2024-11-04T06:25:49Z","updated_at":"2024-11-04T06:25:49Z","author_association":"OWNER","body":"Adding
        a comment","reactions":{"url":"https://api.github.com/repos/monalisa/octo-awesome/issues/comments/2453907310/reactions","total_count":0,"+1":0,"-1":0,"laugh":0,"hooray":0,"confused":0,"heart":0,"rocket":0,"eyes":0},"performed_via_github_app":null},{"url":"https://api.github.com/repos/monalisa/octo-awesome/issues/comments/2453908672","html_url":"https://github.com/monalisa/octo-awesome/issues/1#issuecomment-2453908672","issue_url":"https://api.github.com/repos/monalisa/octo-awesome/issues/1","id":2453908672,"node_id":"IC_kwDONKEJ686SQ6zA","user":{"login":"monalisa","id":23362539,"node_id":"MDQ6VXNlcjIzMzYyNTM5","avatar_url":"https://avatars.githubusercontent.com/u/23362539?v=4","gravatar_id":"","url":"https://api.github.com/users/monalisa","html_url":"https://github.com/monalisa","followers_url":"https://api.github.com/users/monalisa/followers","following_url":"https://api.github.com/users/monalisa/following{/other_user}","gists_url":"https://api.github.com/users/monalisa/gists{/gist_id}","starred_url":"https://api.github.com/users/monalisa/starred{/owner}{/repo}","subscriptions_url":"https://api.github.com/users/monalisa/subscriptions","organizations_url":"https://api.github.com/users/monalisa/orgs","repos_url":"https://api.github.com/users/monalisa/repos","events_url":"https://api.github.com/users/monalisa/events{/privacy}","received_events_url":"https://api.github.com/users/monalisa/received_events","type":"User","user_view_type":"public","site_admin":true},"created_at":"2024-11-04T06:27:11Z","updated_at":"2024-11-04T06:27:11Z","author_association":"OWNER","body":"Reopening
        this issue","reactions":{"url":"https://api.github.com/repos/monalisa/octo-awesome/issues/comments/2453908672/reactions","total_count":0,"+1":0,"-1":0,"laugh":0,"hooray":0,"confused":0,"heart":0,"rocket":0,"eyes":0},"performed_via_github_app":null},{"url":"https://api.github.com/repos/monalisa/octo-awesome/issues/comments/2453908679","html_url":"https://github.com/monalisa/octo-awesome/issues/1#issuecomment-2453908679","issue_url":"https://api.github.com/repos/monalisa/octo-awesome/issues/1","id":2453908679,"node_id":"IC_kwDONKEJ686SQ6zH","user":{"login":"monalisa","id":23362539,"node_id":"MDQ6VXNlcjIzMzYyNTM5","avatar_url":"https://avatars.githubusercontent.com/u/23362539?v=4","gravatar_id":"","url":"https://api.github.com/users/monalisa","html_url":"https://github.com/monalisa","followers_url":"https://api.github.com/users/monalisa/followers","following_url":"https://api.github.com/users/monalisa/following{/other_user}","gists_url":"https://api.github.com/users/monalisa/gists{/gist_id}","starred_url":"https://api.github.com/users/monalisa/starred{/owner}{/repo}","subscriptions_url":"https://api.github.com/users/monalisa/subscriptions","organizations_url":"https://api.github.com/users/monalisa/orgs","repos_url":"https://api.github.com/users/monalisa/repos","events_url":"https://api.github.com/users/monalisa/events{/privacy}","received_events_url":"https://api.github.com/users/monalisa/received_events","type":"User","user_view_type":"public","site_admin":true},"created_at":"2024-11-04T06:27:12Z","updated_at":"2024-11-04T06:27:12Z","author_association":"OWNER","body":"Adding
        a comment","reactions":{"url":"https://api.github.com/repos/monalisa/octo-awesome/issues/comments/2453908679/reactions","total_count":0,"+1":0,"-1":0,"laugh":0,"hooray":0,"confused":0,"heart":0,"rocket":0,"eyes":0},"performed_via_github_app":null},{"url":"https://api.github.com/repos/monalisa/octo-awesome/issues/comments/2453920823","html_url":"https://github.com/monalisa/octo-awesome/issues/1#issuecomment-2453920823","issue_url":"https://api.github.com/repos/monalisa/octo-awesome/issues/1","id":2453920823,"node_id":"IC_kwDONKEJ686SQ9w3","user":{"login":"monalisa","id":23362539,"node_id":"MDQ6VXNlcjIzMzYyNTM5","avatar_url":"https://avatars.githubusercontent.com/u/23362539?v=4","gravatar_id":"","url":"https://api.github.com/users/monalisa","html_url":"https://github.com/monalisa","followers_url":"https://api.github.com/users/monalisa/followers","following_url":"https://api.github.com/users/monalisa/following{/other_user}","gists_url":"https://api.github.com/users/monalisa/gists{/gist_id}","starred_url":"https://api.github.com/users/monalisa/starred{/owner}{/repo}","subscriptions_url":"https://api.github.com/users/monalisa/subscriptions","organizations_url":"https://api.github.com/users/monalisa/orgs","repos_url":"https://api.github.com/users/monalisa/repos","events_url":"https://api.github.com/users/monalisa/events{/privacy}","received_events_url":"https://api.github.com/users/monalisa/received_events","type":"User","user_view_type":"public","site_admin":true},"created_at":"2024-11-04T06:38:38Z","updated_at":"2024-11-04T06:38:38Z","author_association":"OWNER","body":"Reopening
        this issue","reactions":{"url":"https://api.github.com/repos/monalisa/octo-awesome/issues/comments/2453920823/reactions","total_count":0,"+1":0,"-1":0,"laugh":0,"hooray":0,"confused":0,"heart":0,"rocket":0,"eyes":0},"performed_via_github_app":null},{"url":"https://api.github.com/repos/monalisa/octo-awesome/issues/comments/2453920836","html_url":"https://github.com/monalisa/octo-awesome/issues/1#issuecomment-2453920836","issue_url":"https://api.github.com/repos/monalisa/octo-awesome/issues/1","id":2453920836,"node_id":"IC_kwDONKEJ686SQ9xE","user":{"login":"monalisa","id":23362539,"node_id":"MDQ6VXNlcjIzMzYyNTM5","avatar_url":"https://avatars.githubusercontent.com/u/23362539?v=4","gravatar_id":"","url":"https://api.github.com/users/monalisa","html_url":"https://github.com/monalisa","followers_url":"https://api.github.com/users/monalisa/followers","following_url":"https://api.github.com/users/monalisa/following{/other_user}","gists_url":"https://api.github.com/users/monalisa/gists{/gist_id}","starred_url":"https://api.github.com/users/monalisa/starred{/owner}{/repo}","subscriptions_url":"https://api.github.com/users/monalisa/subscriptions","organizations_url":"https://api.github.com/users/monalisa/orgs","repos_url":"https://api.github.com/users/monalisa/repos","events_url":"https://api.github.com/users/monalisa/events{/privacy}","received_events_url":"https://api.github.com/users/monalisa/received_events","type":"User","user_view_type":"public","site_admin":true},"created_at":"2024-11-04T06:38:39Z","updated_at":"2024-11-04T06:38:39Z","author_association":"OWNER","body":"Adding
        a comment","reactions":{"url":"https://api.github.com/repos/monalisa/octo-awesome/issues/comments/2453920836/reactions","total_count":0,"+1":0,"-1":0,"laugh":0,"hooray":0,"confused":0,"heart":0,"rocket":0,"eyes":0},"performed_via_github_app":null},{"url":"https://api.github.com/repos/monalisa/octo-awesome/issues/comments/2453924316","html_url":"https://github.com/monalisa/octo-awesome/issues/1#issuecomment-2453924316","issue_url":"https://api.github.com/repos/monalisa/octo-awesome/issues/1","id":2453924316,"node_id":"IC_kwDONKEJ686SQ-nc","user":{"login":"monalisa","id":23362539,"node_id":"MDQ6VXNlcjIzMzYyNTM5","avatar_url":"https://avatars.githubusercontent.com/u/23362539?v=4","gravatar_id":"","url":"https://api.github.com/users/monalisa","html_url":"https://github.com/monalisa","followers_url":"https://api.github.com/users/monalisa/followers","following_url":"https://api.github.com/users/monalisa/following{/other_user}","gists_url":"https://api.github.com/users/monalisa/gists{/gist_id}","starred_url":"https://api.github.com/users/monalisa/starred{/owner}{/repo}","subscriptions_url":"https://api.github.com/users/monalisa/subscriptions","organizations_url":"https://api.github.com/users/monalisa/orgs","repos_url":"https://api.github.com/users/monalisa/repos","events_url":"https://api.github.com/users/monalisa/events{/privacy}","received_events_url":"https://api.github.com/users/monalisa/received_events","type":"User","user_view_type":"public","site_admin":true},"created_at":"2024-11-04T06:42:05Z","updated_at":"2024-11-04T06:42:05Z","author_association":"OWNER","body":"Reopening
        this issue","reactions":{"url":"https://api.github.com/repos/monalisa/octo-awesome/issues/comments/2453924316/reactions","total_count":0,"+1":0,"-1":0,"laugh":0,"hooray":0,"confused":0,"heart":0,"rocket":0,"eyes":0},"performed_via_github_app":null},{"url":"https://api.github.com/repos/monalisa/octo-awesome/issues/comments/2453924325","html_url":"https://github.com/monalisa/octo-awesome/issues/1#issuecomment-2453924325","issue_url":"https://api.github.com/repos/monalisa/octo-awesome/issues/1","id":2453924325,"node_id":"IC_kwDONKEJ686SQ-nl","user":{"login":"monalisa","id":23362539,"node_id":"MDQ6VXNlcjIzMzYyNTM5","avatar_url":"https://avatars.githubusercontent.com/u/23362539?v=4","gravatar_id":"","url":"https://api.github.com/users/monalisa","html_url":"https://github.com/monalisa","followers_url":"https://api.github.com/users/monalisa/followers","following_url":"https://api.github.com/users/monalisa/following{/other_user}","gists_url":"https://api.github.com/users/monalisa/gists{/gist_id}","starred_url":"https://api.github.com/users/monalisa/starred{/owner}{/repo}","subscriptions_url":"https://api.github.com/users/monalisa/subscriptions","organizations_url":"https://api.github.com/users/monalisa/orgs","repos_url":"https://api.github.com/users/monalisa/repos","events_url":"https://api.github.com/users/monalisa/events{/privacy}","received_events_url":"https://api.github.com/users/monalisa/received_events","type":"User","user_view_type":"public","site_admin":true},"created_at":"2024-11-04T06:42:05Z","updated_at":"2024-11-04T06:42:05Z","author_association":"OWNER","body":"Adding
        a comment","reactions":{"url":"https://api.github.com/repos/monalisa/octo-awesome/issues/comments/2453924325/reactions","total_count":0,"+1":0,"-1":0,"laugh":0,"hooray":0,"confused":0,"heart":0,"rocket":0,"eyes":0},"performed_via_github_app":null}]'
  recorded_at: Mon, 04 Nov 2024 06:48:34 GMT
recorded_with: VCR 6.3.1
